============================= test session starts =============================
platform win32 -- Python 3.14.0, pytest-9.0.2, pluggy-1.6.0 -- D:\build\duodushu-desktop\backend\venv\Scripts\python.exe
cachedir: .pytest_cache
rootdir: D:\build\duodushu-desktop
configfile: pyproject.toml
plugins: anyio-4.12.1, asyncio-1.3.0
asyncio: mode=Mode.AUTO, debug=False, asyncio_default_fixture_loop_scope=None, asyncio_default_test_loop_scope=function
collecting ... collected 1 item

tests\test_ai_chat.py::test_intent_classification FAILED                 [100%]

================================== FAILURES ===================================
_________________________ test_intent_classification __________________________

    def test_intent_classification():
        # 1. 强制单页模式关键词
        assert classify_user_intent("请讲解这一页的内容") == "language_learning"
        assert classify_user_intent("讲解下一段") == "language_learning"
        assert classify_user_intent("解析这段内容") == "language_learning"
        assert classify_user_intent("Explain this page") == "language_learning"
    
        # 2. 知识库检索模式
>       assert classify_user_intent("这本书讲了什么？") == "knowledge_retrieval"
E       AssertionError: assert 'reading_comprehension' == 'knowledge_retrieval'
E         
E         - knowledge_retrieval
E         + reading_comprehension

tests\test_ai_chat.py:17: AssertionError
---------------------------- Captured stderr call -----------------------------
2026-02-04 00:09:13,808 - app.routers.ai - INFO - 检测到页面指令关键词，设为单页学习模式: 请讲解这一页的内容
2026-02-04 00:09:13,808 - app.routers.ai - INFO - 检测到页面指令关键词，设为单页学习模式: 讲解下一段
2026-02-04 00:09:13,808 - app.routers.ai - INFO - 检测到页面指令关键词，设为单页学习模式: 解析这段内容
2026-02-04 00:09:13,808 - app.routers.ai - INFO - 检测到页面指令关键词，设为单页学习模式: explain this page
------------------------------ Captured log call ------------------------------
INFO     app.routers.ai:ai.py:104 检测到页面指令关键词，设为单页学习模式: 请讲解这一页的内容
INFO     app.routers.ai:ai.py:104 检测到页面指令关键词，设为单页学习模式: 讲解下一段
INFO     app.routers.ai:ai.py:104 检测到页面指令关键词，设为单页学习模式: 解析这段内容
INFO     app.routers.ai:ai.py:104 检测到页面指令关键词，设为单页学习模式: explain this page
============================== warnings summary ===============================
app\services\gemini_service.py:1
  D:\build\duodushu-desktop\backend\app\services\gemini_service.py:1: FutureWarning: 
  
  All support for the `google.generativeai` package has ended. It will no longer be receiving 
  updates or bug fixes. Please switch to the `google.genai` package as soon as possible.
  See README for more details:
  
  https://github.com/google-gemini/deprecated-generative-ai-python/blob/main/README.md
  
    import google.generativeai as genai

-- Docs: https://docs.pytest.org/en/stable/how-to/capture-warnings.html
=========================== short test summary info ===========================
FAILED tests\test_ai_chat.py::test_intent_classification - AssertionError: as...
======================== 1 failed, 1 warning in 2.38s =========================
